EN prog_counter_32bit NULL C:/Users/David/Desktop/MIPS_PROCESSOR_32Bit/PROG_COUNTER_32Bit.vhd sub00/vhpl01 1455509179
EN alu_32bit NULL C:/Users/David/Desktop/MIPS_PROCESSOR_32Bit/ALU_32Bit.vhd sub00/vhpl23 1455509201
EN adder_32bit_unsigned NULL C:/Users/David/Desktop/MIPS_PROCESSOR_32Bit/ADDER_32Bit_Unsigned.vhd sub00/vhpl03 1455509181
AR ram_512x8bit behavioral C:/Users/David/Desktop/MIPS_PROCESSOR_32Bit/RAM_512x8Bit.vhd sub00/vhpl30 1455509208
AR adder_32bit_unsigned behavioral C:/Users/David/Desktop/MIPS_PROCESSOR_32Bit/ADDER_32Bit_Unsigned.vhd sub00/vhpl04 1455509182
PH processor_pkg NULL C:/Users/David/Desktop/MIPS_PROCESSOR_32Bit/PROCESSOR_pkg.vhd sub00/vhpl00 1455509178
AR processor_32bit behavioral C:/Users/David/Desktop/MIPS_PROCESSOR_32Bit/PROCESSOR_32Bit.vhd sub00/vhpl32 1455509210
EN shiftandextend_32bit NULL C:/Users/David/Desktop/MIPS_PROCESSOR_32Bit/SHIFTANDEXTEND_32Bit.vhd sub00/vhpl27 1455509205
AR shiftandextend_32bit behavioral C:/Users/David/Desktop/MIPS_PROCESSOR_32Bit/SHIFTANDEXTEND_32Bit.vhd sub00/vhpl28 1455509206
EN shiftlefttwo_32bit NULL C:/Users/David/Desktop/MIPS_PROCESSOR_32Bit/SHIFTLEFTTWO_32Bit.vhd sub00/vhpl21 1455509199
AR prog_counter_32bit behavioral C:/Users/David/Desktop/MIPS_PROCESSOR_32Bit/PROG_COUNTER_32Bit.vhd sub00/vhpl02 1455509180
EN signextend_16to32bit NULL C:/Users/David/Desktop/MIPS_PROCESSOR_32Bit/SIGNEXTEND_16to32Bit.vhd sub00/vhpl19 1455509197
AR mux_2to1_32bit behavioral C:/Users/David/Desktop/MIPS_PROCESSOR_32Bit/MUX_2to1_32Bit.vhd sub00/vhpl10 1455509188
AR signextend_16to32bit behavioral C:/Users/David/Desktop/MIPS_PROCESSOR_32Bit/SIGNEXTEND_16to32Bit.vhd sub00/vhpl20 1455509198
EN ram_512x8bit NULL C:/Users/David/Desktop/MIPS_PROCESSOR_32Bit/RAM_512x8Bit.vhd sub00/vhpl29 1455509207
AR controller_32bit behavioral C:/Users/David/Desktop/MIPS_PROCESSOR_32Bit/CONTROLLER_32Bit.vhd sub00/vhpl14 1455509192
EN signextend_5to32bit NULL C:/Users/David/Desktop/MIPS_PROCESSOR_32Bit/SIGNEXTEND_5to32Bit.vhd sub00/vhpl17 1455509195
AR concatenate_26to32bit behavioral C:/Users/David/Desktop/MIPS_PROCESSOR_32Bit/CONCATENATE_26to32Bit.vhd sub00/vhpl12 1455509190
EN mux_2to1_5bit NULL C:/Users/David/Desktop/MIPS_PROCESSOR_32Bit/MUX_2to1_5Bit.vhd sub00/vhpl07 1455509185
AR signextend_5to32bit behavioral C:/Users/David/Desktop/MIPS_PROCESSOR_32Bit/SIGNEXTEND_5to32Bit.vhd sub00/vhpl18 1455509196
AR rom_512x32bit behavioral C:/Users/David/Desktop/MIPS_PROCESSOR_32Bit/ROM_512x32Bit.vhd sub00/vhpl06 1455509184
AR regfile_32bitx5bit behavioral C:/Users/David/Desktop/MIPS_PROCESSOR_32Bit/REGFILE_32BitX5Bit.vhd sub00/vhpl16 1455509194
EN regfile_32bitx5bit NULL C:/Users/David/Desktop/MIPS_PROCESSOR_32Bit/REGFILE_32BitX5Bit.vhd sub00/vhpl15 1455509193
AR mux_2to1_5bit behavioral C:/Users/David/Desktop/MIPS_PROCESSOR_32Bit/MUX_2to1_5Bit.vhd sub00/vhpl08 1455509186
AR and_2to1_1bit behavioral C:/Users/David/Desktop/MIPS_PROCESSOR_32Bit/AND_2to1_1Bit.vhd sub00/vhpl26 1455509204
EN mux_2to1_32bit NULL C:/Users/David/Desktop/MIPS_PROCESSOR_32Bit/MUX_2to1_32Bit.vhd sub00/vhpl09 1455509187
EN concatenate_26to32bit NULL C:/Users/David/Desktop/MIPS_PROCESSOR_32Bit/CONCATENATE_26to32Bit.vhd sub00/vhpl11 1455509189
EN controller_32bit NULL C:/Users/David/Desktop/MIPS_PROCESSOR_32Bit/CONTROLLER_32Bit.vhd sub00/vhpl13 1455509191
AR shiftlefttwo_32bit behavioral C:/Users/David/Desktop/MIPS_PROCESSOR_32Bit/SHIFTLEFTTWO_32Bit.vhd sub00/vhpl22 1455509200
EN and_2to1_1bit NULL C:/Users/David/Desktop/MIPS_PROCESSOR_32Bit/AND_2to1_1Bit.vhd sub00/vhpl25 1455509203
EN rom_512x32bit NULL C:/Users/David/Desktop/MIPS_PROCESSOR_32Bit/ROM_512x32Bit.vhd sub00/vhpl05 1455509183
EN processor_32bit NULL C:/Users/David/Desktop/MIPS_PROCESSOR_32Bit/PROCESSOR_32Bit.vhd sub00/vhpl31 1455509209
AR alu_32bit behavioral C:/Users/David/Desktop/MIPS_PROCESSOR_32Bit/ALU_32Bit.vhd sub00/vhpl24 1455509202
